[36mvite v8.0.2 [32mbuilding client environment for production...[36m[39m
[2K
transforming...Γ£ô 2380 modules transformed.
rendering chunks...
computing gzip size...
dist/manifest.webmanifest                          0.41 kB
dist/index.html                                    1.17 kB Γöé gzip:   0.57 kB
dist/assets/index-CrIoGHTg.css                    23.60 kB Γöé gzip:   4.95 kB
dist/assets/workbox-window.prod.es5-Bq4GJJid.js    5.74 kB Γöé gzip:   2.25 kB
dist/assets/index-CtvncRq1.js                    681.97 kB Γöé gzip: 198.63 kB

node.exe : [33m[plugin 
builtin:vite-reporter] 
At line:1 char:1
+ & "C:\Program 
Files\nodejs/node.exe" 
"C:\Program 
Files\nodejs/node_mo ...
+ ~~~~~~~~~~~~~~~~~~~~~~~~~~~
~~~~~~~~~~~~~~~~~~~~~~~~~~~~~
~~~~~~~~~~~~~
    + CategoryInfo           
   : NotSpecified: ([33m[p  
  lugin builtin:vite-repor   
 ter] :String) [], Remote    
Exception
    + FullyQualifiedErrorId  
   : NativeCommandError
 
(!) Some chunks are larger 
than 500 kB after 
minification. Consider:
- Using dynamic import() to 
code-split the application
- Use build.rolldownOptions.o
utput.codeSplitting to 
improve chunking: https://rol
ldown.rs/reference/OutputOpti
ons.codeSplitting
- Adjust chunk size limit 
for this warning via build.ch
unkSizeWarningLimit.[39m
[31mΓ£ù[39m Build failed 
in 1.16s

PWA v1.2.0
mode      generateSW
precache  6 entries (695.80 KiB)
files generated
  dist/sw.js
  dist/workbox-58bd4dca.js
[31merror during build:
[31mBuild failed with 1 
error:

Error: [vite]: Rolldown 
failed to resolve import 
"react" from "C:/Users/HP/One
Drive/Desktop/AGRO 
AI/src/main.jsx".
This is most likely 
unintended because it can 
break your application at 
runtime.
If you do want to 
externalize this module 
explicitly add it to
`build.rollupOptions.external
`
    at viteLog (file:///C:/Us
ers/HP/OneDrive/Desktop/AGRO%
20AI/node_modules/vite/dist/n
ode/chunks/node.js:32922:57)
    at file:///C:/Users/HP/On
eDrive/Desktop/AGRO%20AI/node
_modules/vite/dist/node/chunk
s/node.js:32958:71
    at onwarn (file:///C:/Use
rs/HP/OneDrive/Desktop/AGRO%2
0AI/node_modules/@vitejs/plug
in-react/dist/index.js:40:7)
    at file:///C:/Users/HP/On
eDrive/Desktop/AGRO%20AI/node
_modules/vite/dist/node/chunk
s/node.js:32958:28
    at onRollupLog (file:///C
:/Users/HP/OneDrive/Desktop/A
GRO%20AI/node_modules/vite/di
st/node/chunks/node.js:32953:
63)
    at onLog (file:///C:/User
s/HP/OneDrive/Desktop/AGRO%20
AI/node_modules/vite/dist/nod
e/chunks/node.js:32723:4)
    at file:///C:/Users/HP/On
eDrive/Desktop/AGRO%20AI/node
_modules/rolldown/dist/shared
/rolldown-build-CL9PyQ2E.mjs:
49:26
    at logger (file:///C:/Use
rs/HP/OneDrive/Desktop/AGRO%2
0AI/node_modules/rolldown/dis
t/shared/rolldown-build-CL9Py
Q2E.mjs:40:3)
    at onLog (file:///C:/User
s/HP/OneDrive/Desktop/AGRO%20
AI/node_modules/rolldown/dist
/shared/bindingify-input-opti
ons-DVAZE22h.mjs:1972:32)[31
m
    at aggregateBindingErrors
IntoJsError (file:///C:/Users
/HP/OneDrive/Desktop/AGRO%20A
I/node_modules/rolldown/dist/
shared/error-D8cGyrC7.mjs:48:
18)
    at unwrapBindingResult (f
ile:///C:/Users/HP/OneDrive/D
esktop/AGRO%20AI/node_modules
/rolldown/dist/shared/error-D
8cGyrC7.mjs:18:128)
    at #build (file:///C:/Use
rs/HP/OneDrive/Desktop/AGRO%2
0AI/node_modules/rolldown/dis
t/shared/rolldown-build-CL9Py
Q2E.mjs:3313:34)
    at async 
buildEnvironment (file:///C:/
Users/HP/OneDrive/Desktop/AGR
O%20AI/node_modules/vite/dist
/node/chunks/node.js:32829:64
)
    at async Object.build (fi
le:///C:/Users/HP/OneDrive/De
sktop/AGRO%20AI/node_modules/
vite/dist/node/chunks/node.js
:33251:19)
    at async Object.buildApp 
(file:///C:/Users/HP/OneDrive
/Desktop/AGRO%20AI/node_modul
es/vite/dist/node/chunks/node
.js:33248:153)
    at async CAC.<anonymous> 
(file:///C:/Users/HP/OneDrive
/Desktop/AGRO%20AI/node_modul
es/vite/dist/node/cli.js:778:
3) {
  errors: [Getter/Setter]
}[39m
